eeschema (2013-jul-07)-stable  >> Creation date: Вс 09 фев 2014 15:49:43
#Cmp ( order = Reference )
| C1         10n         
| C2         10n         
| C3         100n        
| C4         100uF       
| C5         1uF         
| C6         330uF       
| C7         0,1uF       
| C8         680uF       
| C9         1uF         
| C10        330uF       
| C11        0,1uF       
| C12        100uF       
| C13        1uF         
| C14        330uF       
| C15        0,1uF       
| C16        4,7 uF      
| C17        0,1 uF      
| DA1        TPS2051     
| DA2        TPS2051     
| DA3        PSR05       
| DA4        PSR05       
| DA5        LM75A       
| DA6        MIC29302BU(WU)
| DA7        LM2596-5.0  
| DA8        MIC29150-3.3BU(WU)
| DD1        MAX3483E    
| GB1        GB_BAT      
| HL1        HL_LED      
| HL2        HL_LED      
| HL3        HL_LED      
| HL4        HL_LED      
| HL5        HL_LED      
| HL6        HL_LED      
| HL7        HL_LED      
| L1         L_IND_CORE  
| L2         47 uH L39   
| L3         L_IND_CORE  
| L4         L_IND_CORE  
| L5         22 nH       
| M1         SE-IMX287-MICRO
| M2         SIM68V      
| M3         SIM900R     
| R1         47K         
| R2         12K         
| R3         47K         
| R4         12K         
| R5         12K         
| R6         12K         
| R7         50          
| R8         50          
| R9         50          
| R10        50          
| R11        12K         
| R12        12K         
| R13        12K         
| R14        12K         
| R15        560         
| R16        560         
| R17        47K         
| R18        47K         
| R19        47K         
| R20        47K         
| R21        2,2K        
| R22        2,2K        
| R23        1K          
| R24        1K          
| R25        1,5K        
| R26        1,5K        
| R27        1,5K        
| R28        10K         
| R29        1,5K        
| R30        10K         
| R31        10K         
| R32        10K         
| R33        10K         
| R34        10K         
| R35        RES         
| R36        RES         
| R37        RES         
| R38        RES         
| R39        100K        
| R40        RES         
| R41        43K         
| R42        4,7K        
| R43        4,7K        
| R44        4,7K        
| R45        4,7K        
| R46        47K         
| R47        47K         
| R48        10K         
| R49        10K         
| R50        10K         
| R51        1K          
| R52        RES         
| R53        100         
| R54        1K          
| R55        100         
| R56        4,7K        
| R57        22          
| R58        22          
| R59        47K         
| R60        22          
| R61        4,7K        
| R62        47K         
| R63        1K          
| R64        4,7K        
| R65        47K         
| S1         DIP_SW4     
| SB1        SB_1-2      
| VD1        DIODE       
| VD2        DIODE       
| VD3        SK35/MBRS360
| VD4        DIODE       
| VD5        DIODE       
| VD6        DIODE       
| VD7        DIODE_SH    
| VD8        DIODE_SH    
| VD9        DIODE_SH    
| VT1        VT_PMOS_D_GDS
| VT2        VT_PMOS_D_GDS
| VT3        VT_NPN_CBE  
| VT4        VT_NPN_CBE  
| VT5        VT_NPN_BCE  
| VT6        VT_NPN_BCE  
| VT7        VT_NPN_BCE  
| X1         USB-A-DUAL  
| X2         SDCARD      
| X3         SIM-CONN    
| XP1        XP_CONN_18_M
| XP2        XP_CONN_04_M
| XP3        XP_CONN_20_M
| XP4        XP_CONN_10_M
| XP5        XP_CONN_08_M
| XP6        XP_CONN_20_M
| XP7        XP_CONN_10_M
| XS1        HR911105A   
| XS2        XS_CONN_02_F
| XS3        XS_CONN_02_F
| XW1        U.FL        
| XW2        U.FL        
#End Cmp

#Cmp ( order = Value )
| 10n          C1        
| 10n          C2        
| 0,1uF        C7        
| 0,1uF        C11       
| 0,1uF        C15       
| 100n         C3        
| 1uF          C5        
| 1uF          C9        
| 1uF          C13       
| 100uF        C4        
| 100uF        C12       
| 330uF        C6        
| 330uF        C10       
| 330uF        C14       
| 680uF        C8        
| 0,1 uF       C17       
| 4,7 uF       C16       
| TPS2051      DA1       
| TPS2051      DA2       
| LM75A        DA5       
| MIC29302BU(WU) DA6       
| MIC29150-3.3BU(WU) DA8       
| PSR05        DA3       
| PSR05        DA4       
| LM2596-5.0   DA7       
| MAX3483E     DD1       
| GB_BAT       GB1       
| HL_LED       HL1       
| HL_LED       HL2       
| HL_LED       HL3       
| HL_LED       HL4       
| HL_LED       HL5       
| HL_LED       HL6       
| HL_LED       HL7       
| L_IND_CORE   L1        
| 47 uH L39    L2        
| L_IND_CORE   L3        
| L_IND_CORE   L4        
| 22 nH        L5        
| SIM68V       M2        
| SIM900R      M3        
| SE-IMX287-MICRO M1        
| 22           R57       
| 22           R58       
| 22           R60       
| 50           R7        
| 50           R8        
| 50           R9        
| 50           R10       
| 100          R53       
| 100          R55       
| 560          R15       
| 560          R16       
| 1K           R23       
| 1K           R24       
| 1K           R51       
| 1K           R54       
| 1K           R63       
| 1,5K         R25       
| 1,5K         R26       
| 1,5K         R27       
| 1,5K         R29       
| 2,2K         R21       
| 2,2K         R22       
| 4,7K         R42       
| 4,7K         R43       
| 4,7K         R44       
| 4,7K         R45       
| 4,7K         R56       
| 4,7K         R61       
| 4,7K         R64       
| 10K          R28       
| 10K          R30       
| 10K          R31       
| 10K          R32       
| 10K          R33       
| 10K          R34       
| 10K          R48       
| 10K          R49       
| 10K          R50       
| 12K          R2        
| 12K          R4        
| 12K          R5        
| 12K          R6        
| 12K          R11       
| 12K          R12       
| 12K          R13       
| 12K          R14       
| 43K          R41       
| 47K          R1        
| 47K          R3        
| 47K          R17       
| 47K          R18       
| 47K          R19       
| 47K          R20       
| 47K          R46       
| 47K          R47       
| 47K          R59       
| 47K          R62       
| 47K          R65       
| 100K         R39       
| RES          R35       
| RES          R36       
| RES          R37       
| RES          R38       
| RES          R40       
| RES          R52       
| DIP_SW4      S1        
| SB_1-2       SB1       
| DIODE        VD1       
| DIODE        VD2       
| SK35/MBRS360 VD3       
| DIODE        VD4       
| DIODE        VD5       
| DIODE        VD6       
| DIODE_SH     VD7       
| DIODE_SH     VD8       
| DIODE_SH     VD9       
| VT_NPN_CBE   VT3       
| VT_NPN_CBE   VT4       
| VT_NPN_BCE   VT5       
| VT_NPN_BCE   VT6       
| VT_NPN_BCE   VT7       
| VT_PMOS_D_GDS VT1       
| VT_PMOS_D_GDS VT2       
| USB-A-DUAL   X1        
| SDCARD       X2        
| SIM-CONN     X3        
| XP_CONN_18_M XP1       
| XP_CONN_04_M XP2       
| XP_CONN_20_M XP3       
| XP_CONN_10_M XP4       
| XP_CONN_08_M XP5       
| XP_CONN_20_M XP6       
| XP_CONN_10_M XP7       
| HR911105A    XS1       
| XS_CONN_02_F XS2       
| XS_CONN_02_F XS3       
| U.FL         XW1       
| U.FL         XW2       
#End Cmp

#End List
